src/modules/admin/admin.controller.ts(25,59): error TS2345: Argument of type 'string | string[]' is not assignable to parameter of type 'string'.
  Type 'string[]' is not assignable to type 'string'.
src/modules/admin/admin.controller.ts(32,58): error TS2345: Argument of type 'string | string[]' is not assignable to parameter of type 'string'.
  Type 'string[]' is not assignable to type 'string'.
src/modules/admin/admin.controller.ts(39,64): error TS2345: Argument of type 'string | string[]' is not assignable to parameter of type 'string'.
  Type 'string[]' is not assignable to type 'string'.
src/modules/admin/admin.controller.ts(47,62): error TS2345: Argument of type 'string | string[]' is not assignable to parameter of type 'string'.
  Type 'string[]' is not assignable to type 'string'.
src/modules/apiKey/apiKey.controller.ts(29,69): error TS2345: Argument of type 'string | string[]' is not assignable to parameter of type 'string'.
  Type 'string[]' is not assignable to type 'string'.
src/modules/apiKey/apiKey.controller.ts(38,69): error TS2345: Argument of type 'string | string[]' is not assignable to parameter of type 'string'.
  Type 'string[]' is not assignable to type 'string'.
src/modules/message/message.controller.ts(17,17): error TS2345: Argument of type 'string | string[]' is not assignable to parameter of type 'string'.
  Type 'string[]' is not assignable to type 'string'.
src/modules/message/message.controller.ts(31,72): error TS2345: Argument of type 'string | string[]' is not assignable to parameter of type 'string'.
  Type 'string[]' is not assignable to type 'string'.
src/modules/session/session.controller.ts(28,72): error TS2345: Argument of type 'string | string[]' is not assignable to parameter of type 'string'.
  Type 'string[]' is not assignable to type 'string'.
src/modules/session/session.controller.ts(37,73): error TS2345: Argument of type 'string | string[]' is not assignable to parameter of type 'string'.
  Type 'string[]' is not assignable to type 'string'.
src/modules/session/session.controller.ts(46,70): error TS2345: Argument of type 'string | string[]' is not assignable to parameter of type 'string'.
  Type 'string[]' is not assignable to type 'string'.
src/modules/session/session.controller.ts(55,73): error TS2345: Argument of type 'string | string[]' is not assignable to parameter of type 'string'.
  Type 'string[]' is not assignable to type 'string'.
src/modules/session/session.controller.ts(83,17): error TS2345: Argument of type 'string | string[]' is not assignable to parameter of type 'string'.
  Type 'string[]' is not assignable to type 'string'.
src/modules/session/session.service.ts(159,13): error TS2322: Type '{ sessionId: string; to: string; body: string; type: any; mediaUrl: string | undefined; status: "QUEUED"; }' is not assignable to type '(Without<MessageCreateInput, MessageUncheckedCreateInput> & MessageUncheckedCreateInput) | (Without<...> & MessageCreateInput)'.
  Type '{ sessionId: string; to: string; body: string; type: any; mediaUrl: string | undefined; status: "QUEUED"; }' is not assignable to type 'Without<MessageCreateInput, MessageUncheckedCreateInput> & MessageUncheckedCreateInput'.
    Property 'userId' is missing in type '{ sessionId: string; to: string; body: string; type: any; mediaUrl: string | undefined; status: "QUEUED"; }' but required in type 'MessageUncheckedCreateInput'.
src/modules/session/session.service.ts(178,15): error TS18047: 'messageQueue' is possibly 'null'.
src/modules/webhook/webhook.controller.ts(29,72): error TS2345: Argument of type 'string | string[]' is not assignable to parameter of type 'string'.
  Type 'string[]' is not assignable to type 'string'.
src/modules/webhook/webhook.controller.ts(38,70): error TS2345: Argument of type 'string | string[]' is not assignable to parameter of type 'string'.
  Type 'string[]' is not assignable to type 'string'.
src/modules/webhook/webhook.controller.ts(47,70): error TS2345: Argument of type 'string | string[]' is not assignable to parameter of type 'string'.
  Type 'string[]' is not assignable to type 'string'.
src/modules/webhook/webhook.controller.ts(56,80): error TS2345: Argument of type 'string | string[]' is not assignable to parameter of type 'string'.
  Type 'string[]' is not assignable to type 'string'.
